// Jest Snapshot v1, https://goo.gl/fbAQLP

exports[`<Counter /> should match snapshot 1`] = `
.c0 {
  background-color: #eb4b4b;
  position: relative;
  box-shadow: 8px 8px rgba(0,0,0,0.15);
}

.c2 {
  display: block;
  text-align: center;
  color: white;
  font-weight: 500;
  font-size: 42px;
  padding: 39px 50px;
}

.c1 {
  color: white;
  font-weight: 500;
  font-size: 42px;
  padding: 39px 50px;
  -webkit-appearance: none;
  -moz-appearance: none;
  appearance: none;
  border: none;
  outline: none;
  background-color: transparent;
  -webkit-user-select: none;
  -moz-user-select: none;
  -ms-user-select: none;
  user-select: none;
  cursor: pointer;
  width: 50%;
  position: absolute;
  top: 0;
  bottom: 0;
  z-index: 0;
}

.c1:active {
  opacity: 0.5;
}

.c1:first-of-type {
  text-align: left;
  left: 0;
  right: 50%;
}

.c1:last-of-type {
  text-align: right;
  left: 50%;
  right: 0;
}

.c3 {
  width: 5px;
  background-color: white;
  -webkit-flex: 0 0 auto;
  -ms-flex: 0 0 auto;
  flex: 0 0 auto;
  position: absolute;
  left: calc(50% - 5px / 2);
  height: 28px;
}

.c3:first-of-type {
  top: 0;
}

.c3:last-of-type {
  bottom: 0;
}

<div
  className="c0"
  color="#eb4b4b"
>
  <button
    className="c1"
    id="dec"
    onClick={[Function]}
  >
    -
  </button>
  <span
    className="c2"
  >
    0
  </span>
  <button
    className="c1"
    id="inc"
    onClick={[Function]}
  >
    +
  </button>
  <div
    className="c3"
  />
  <div
    className="c3"
  />
</div>
`;
