// Jest Snapshot v1, https://goo.gl/fbAQLP

exports[`<ScreenWidth /> should match snapshot 1`] = `
.c0 {
  background-color: #855FEB;
  position: relative;
  box-shadow: 8px 8px rgba(0,0,0,0.15);
}

.c1 {
  display: block;
  text-align: center;
  color: white;
  font-weight: 500;
  font-size: 42px;
  padding: 39px 50px;
}

<div
  className="c0"
  color="#855FEB"
>
  <span
    className="c1"
  >
    345
     px
  </span>
</div>
`;
